G7C_REGISTER_FATBINARY handle=0xaaaabc20d118 generation=1 wrapper=0xaaaabc210968
G7C_FATBIN_SPAN handle=0xaaaabc20d118 generation=1 bytes=6082 object=<main>
G7C_IMAGE_EXTRACT handle=0xaaaabc20d118 generation=1 offset=51 bytes=2704 result=PASS
G6A_VA_ARENA base=0xffefb1940000 bytes=68719476736 protection=PROT_NONE
M2_S2_HELLO=NEGOTIATED server=1.1.0 backend=1 backend_version=10020 devices=1 profile=1 capabilities=6
G6E_REMOTE_SESSION=CONNECTED generation=1 host=127.0.0.1 port=50081 protocol=CRX9 version=3 default_stream=LEGACY
G7C_MODULE_AUTO_LOAD handle=0xaaaabc20d118 generation=1 module_handle=0xaaaabc1d3118 module_id=1 bytes=2704 result=PASS
G7D_FUNCTION_BIND handle=0xaaaabc20d118 generation=1 module_id=1 host_fun=0xaaaabc161494 kernel_handle=0xaaaabc1d4118 kernel_id=1 name=m1s2_lifecycle_kernel abi=UNKNOWN result=PASS
G7E_ABI_ARG kernel_id=1 name=m1s2_lifecycle_kernel arg=0 meta_kind=global_buffer offset=0 size=8 normalized=DEVICE_PTR
G7E_ABI_ATTACH generation=1 module_id=1 kernel_id=1 name=m1s2_lifecycle_kernel argc=1 kernarg_size=8 kernarg_align=8 abi=READY result=PASS
G7C_REGISTER_FATBINARY_END handle=0xaaaabc20d118 generation=1 state=LIVE module_id=1 function_registrations=1
G6A_CUDA_MALLOC ptr=0xffefb1940000 allocation_id=1 bytes=4 span=131072 result=PASS
M1_S2_CHECK name=malloc-generation-1 actual=0 expected=0 result=PASS
G6A_PTR_RESOLVE ptr=0xffefb1940000 allocation_id=1 offset=0 bytes=4
G6A_CUDA_MEMCPY kind=H2D allocation_id=1 offset=0 bytes=4 result=PASS
M1_S2_CHECK name=copy-generation-1 actual=0 expected=0 result=PASS
G6C_CUDA_STREAM_CREATE handle=0xaaaabc18f118 stream_id=1 result=PASS
M1_S2_CHECK name=stream-generation-1 actual=0 expected=0 result=PASS
G6A_PTR_RESOLVE ptr=0xffefb1940000 allocation_id=1 offset=0 bytes=4
G6E_CUDA_MEMCPY_ASYNC kind=H2D transfer_id=1 stream_id=1 stream_slot=0 seq=1 allocation_id=1 offset=0 bytes=4 hidden=YES
M1_S2_CHECK name=live-transfer-at-shutdown actual=0 expected=0 result=PASS
G6C_CUDA_EVENT_CREATE handle=0xaaaabc19f118 event_id=1 result=PASS
M1_S2_CHECK name=event-generation-1 actual=0 expected=0 result=PASS
G6D_MODULE_LOAD handle=0xaaaabc1d3138 module_id=2 path=/home/lvtong/corex-remote-runtime/build/session_lifecycle.cubin result=PASS
M1_S2_CHECK name=module-generation-1 actual=0 expected=0 result=PASS
G6D_KERNEL_REGISTER token=0xaaaabc1d42e0 kernel_id=2 module_id=2 name=m1s2_lifecycle_kernel argc=1 abi=READY origin=CONTROLLED result=PASS
M1_S2_CHECK name=controlled-kernel-generation-1 actual=0 expected=0 result=PASS
G6D_KERNEL_TOKEN_INVALIDATE token=0xaaaabc1d4118 host_fun=0xaaaabc161494 kernel_id=1 module_id=1 name=m1s2_lifecycle_kernel origin=COMPILER
G6D_MODULE_UNLOAD handle=0xaaaabc1d3118 module_id=1 result=PASS tombstone=YES
G7C_SHUTDOWN_AUTO_UNLOAD handle=0xaaaabc20d118 generation=1 module_id=1 result=PASS
M1_S2_RUNTIME_SHUTDOWN generation=1 state=DISCONNECTED result=PASS
M1_S2_RUNTIME_SHUTDOWN state=DISCONNECTED action=NOOP result=PASS
M2_S2_HELLO=NEGOTIATED server=1.1.0 backend=1 backend_version=10020 devices=1 profile=1 capabilities=6
G6E_REMOTE_SESSION=CONNECTED generation=2 host=127.0.0.1 port=50081 protocol=CRX9 version=3 default_stream=LEGACY
M1_S2_CHECK name=lazy-reconnect actual=0 expected=0 result=PASS
M1_S2_CHECK name=stale-pointer actual=17 expected=17 result=PASS
M1_S2_CHECK name=stale-stream actual=400 expected=400 result=PASS
M1_S2_CHECK name=stale-event actual=400 expected=400 result=PASS
M1_S2_CHECK name=stale-module actual=400 expected=400 result=PASS
M1_S2_CHECK name=stale-compiler-kernel actual=400 expected=400 result=PASS
M1_S2_CHECK name=stale-controlled-kernel actual=400 expected=400 result=PASS
G6A_CUDA_MALLOC ptr=0xffefb1960000 allocation_id=1 bytes=4 span=131072 result=PASS
M1_S2_CHECK name=malloc-generation-2 actual=0 expected=0 result=PASS
G6A_PTR_RESOLVE ptr=0xffefb1960000 allocation_id=1 offset=0 bytes=4
G6A_CUDA_MEMCPY kind=H2D allocation_id=1 offset=0 bytes=4 result=PASS
M1_S2_CHECK name=copy-h2d-generation-2 actual=0 expected=0 result=PASS
G6A_PTR_RESOLVE ptr=0xffefb1960000 allocation_id=1 offset=0 bytes=4
G6A_CUDA_MEMCPY kind=D2H allocation_id=1 offset=0 bytes=4 result=PASS
M1_S2_CHECK name=copy-d2h-generation-2 actual=0 expected=0 result=PASS
G6C_CUDA_STREAM_CREATE handle=0xaaaabc18f158 stream_id=1 result=PASS
M1_S2_CHECK name=stream-generation-2 actual=0 expected=0 result=PASS
G6C_CUDA_EVENT_CREATE handle=0xaaaabc19f148 event_id=1 result=PASS
M1_S2_CHECK name=event-generation-2 actual=0 expected=0 result=PASS
G6C_CUDA_EVENT_DESTROY handle=0xaaaabc19f148 event_id=1 covered_transfers_drained=N/A result=PASS tombstone=YES
M1_S2_CHECK name=event-destroy-generation-2 actual=0 expected=0 result=PASS
G6C_CUDA_STREAM_DESTROY handle=0xaaaabc18f158 stream_id=1 hidden_transfers_drained=YES result=PASS tombstone=YES
M1_S2_CHECK name=stream-destroy-generation-2 actual=0 expected=0 result=PASS
G6A_CUDA_FREE ptr=0xffefb1960000 allocation_id=1 result=PASS tombstone=YES
M1_S2_CHECK name=free-generation-2 actual=0 expected=0 result=PASS
M1_S2_RUNTIME_SHUTDOWN generation=2 state=DISCONNECTED result=PASS
M1_S2_RUNTIME_SHUTDOWN state=DISCONNECTED action=NOOP result=PASS
M1_S2_LIFECYCLE_RESULT=PASS failures=0
M1_S2_RUNTIME_SHUTDOWN state=DISCONNECTED action=NOOP result=PASS
