G7C_REGISTER_FATBINARY handle=0xffffa501b270 generation=1 wrapper=0xaaaae3044010
G7C_FATBIN_SPAN handle=0xffffa501b270 generation=1 bytes=6010 object=<main>
G7C_IMAGE_EXTRACT handle=0xffffa501b270 generation=1 offset=51 bytes=2680 result=PASS
G6A_VA_ARENA base=0xffefa4dc0000 bytes=68719476736 protection=PROT_NONE
M2_S2_HELLO=NEGOTIATED server=1.1.0 backend=1 backend_version=10020 devices=1 profile=1 capabilities=6
G6E_REMOTE_SESSION=CONNECTED generation=1 host=127.0.0.1 port=50079 protocol=CRX9 version=3 default_stream=LEGACY
G7C_MODULE_AUTO_LOAD handle=0xffffa501b270 generation=1 module_handle=0xffffa4fe1270 module_id=1 bytes=2680 result=PASS
G7D_FUNCTION_BIND handle=0xffffa501b270 generation=1 module_id=1 host_fun=0xaaaae3030e94 kernel_handle=0xffffa4fe2270 kernel_id=1 name=corex_config_kernel abi=UNKNOWN result=PASS
G7E_ABI_ARG kernel_id=1 name=corex_config_kernel arg=0 meta_kind=global_buffer offset=0 size=8 normalized=DEVICE_PTR
G7E_ABI_ATTACH generation=1 module_id=1 kernel_id=1 name=corex_config_kernel argc=1 kernarg_size=8 kernarg_align=8 abi=READY result=PASS
G7C_REGISTER_FATBINARY_END handle=0xffffa501b270 generation=1 state=LIVE module_id=1 function_registrations=1
G6C_CUDA_STREAM_CREATE handle=0xffffa4f9d270 stream_id=1 result=PASS
G6C_CUDA_STREAM_DESTROY handle=0xffffa4f9d270 stream_id=1 hidden_transfers_drained=YES result=PASS tombstone=YES
M3_S7_DEVICE_CONFIG=PASS flags=0 attribute=4096 priority=-1 limit=5242880 cache=0 shared=1
G7C_UNREGISTER_FATBINARY handle=0xffffa501b270 generation=1 module_id=1 state=LIVE
G6D_KERNEL_TOKEN_INVALIDATE token=0xffffa4fe2270 host_fun=0xaaaae3030e94 kernel_id=1 module_id=1 name=corex_config_kernel origin=COMPILER
G6D_MODULE_UNLOAD handle=0xffffa4fe1270 module_id=1 result=PASS tombstone=YES
G7C_MODULE_AUTO_UNLOAD handle=0xffffa501b270 generation=1 module_id=1 result=PASS
G7C_REGISTRATION_TOMBSTONE handle=0xffffa501b270 generation=1 state=DEAD
M1_S2_RUNTIME_SHUTDOWN generation=1 state=DISCONNECTED result=PASS
