COREX_REMOTE_CUDART_1.0 {
    global:
        cudaGetDeviceCount;
        cudaDriverGetVersion;
        cudaRuntimeGetVersion;
        cudaGetDevice;
        cudaSetDevice;
        cudaMalloc;
        cudaFree;
        cudaMemcpy;
        cudaMemcpyAsync;
        cudaMemset;
        cudaMemsetAsync;
        cudaDeviceSynchronize;
        cudaStreamCreate;
        cudaStreamCreateWithFlags;
        cudaStreamCreateWithPriority;
        cudaStreamGetFlags;
        cudaStreamGetPriority;
        cudaStreamDestroy;
        cudaStreamSynchronize;
        cudaStreamQuery;
        cudaEventCreate;
        cudaEventCreateWithFlags;
        cudaEventDestroy;
        cudaEventRecord;
        cudaEventSynchronize;
        cudaEventQuery;
        cudaEventElapsedTime;
        cudaStreamWaitEvent;
        cudaLaunchKernel;
        cudaGetLastError;
        cudaPeekAtLastError;
        cudaGetErrorString;
        __cudaRegisterFatBinary;
        __cudaRegisterFatBinaryEnd;
        __cudaRegisterFunction;
        __cudaUnregisterFatBinary;
        __cudaPushCallConfiguration;
        __cudaPopCallConfiguration;
};

COREX_REMOTE_EXT_1.0 {
    global:
        corexRemoteModuleLoad;
        corexRemoteModuleUnload;
        corexRemoteRegisterKernel;
} COREX_REMOTE_CUDART_1.0;

COREX_REMOTE_CUDART_1.1 {
    global:
        cudaGetDeviceProperties;
        cudaMemGetInfo;
    local:
        *;
} COREX_REMOTE_CUDART_1.0;
