COREX=/usr/local/corex-4.4.0
CXX=/usr/local/corex-4.4.0/bin/clang++
CC=gcc
GXX=g++
export___cudaPopCallConfiguration=PASS
export___cudaPushCallConfiguration=PASS
export___cudaRegisterFatBinary=PASS
export___cudaRegisterFatBinaryEnd=PASS
export___cudaRegisterFunction=PASS
export___cudaUnregisterFatBinary=PASS
export_corexRemoteModuleLoad=PASS
export_corexRemoteModuleUnload=PASS
export_corexRemoteRegisterKernel=PASS
export_cudaDeviceSynchronize=PASS
export_cudaEventCreate=PASS
export_cudaEventDestroy=PASS
export_cudaEventQuery=PASS
export_cudaEventRecord=PASS
export_cudaEventSynchronize=PASS
export_cudaFree=PASS
export_cudaGetDevice=PASS
export_cudaGetDeviceCount=PASS
export_cudaGetDeviceProperties=PASS
export_cudaGetErrorString=PASS
export_cudaGetLastError=PASS
export_cudaLaunchKernel=PASS
export_cudaMalloc=PASS
export_cudaMemGetInfo=PASS
export_cudaMemcpy=PASS
export_cudaMemcpyAsync=PASS
export_cudaPeekAtLastError=PASS
export_cudaSetDevice=PASS
export_cudaStreamCreate=PASS
export_cudaStreamDestroy=PASS
export_cudaStreamQuery=PASS
export_cudaStreamSynchronize=PASS
export_cudaStreamWaitEvent=PASS
missing_exports=NONE
unexpected_function_exports=NONE
G8C_ABI_SURFACE=PASS
client_protocol_v3=PASS
server_protocol_v3=PASS
client_opcode_26=PASS
server_opcode_26=PASS
server_no_cudaDeviceProp=PASS
server_driver_only=PASS
client_vendor_abi_adapter=PASS
client_fieldwise_prop_population=PASS
client_no_raw_dto_memcpy_to_prop=PASS
meminfo_uses_remote_dto=PASS
abi_1_1=PASS
G8C_SCOPE_AUDIT=PASS
G8C_PROTOCOL=CRX9/V3
G8C_ABI_VERSION=COREX_REMOTE_CUDART_1.1
G8C_LIBRARY_LIBCUDART_DEPENDENCY=ABSENT
G8C_APP_LIBCUDART_DEPENDENCY=ABSENT
G8C_BUILD=PASS
G8D_PREFIX=/home/lvtong/corex-remote-runtime/sdk-install
G8D_INSTALL=PASS
G8D_BUILD_AND_INSTALL=PASS
