G7C_REGISTER_FATBINARY handle=0xffff994f0db8 generation=1 wrapper=0xaaaabe084010
G7C_FATBIN_SPAN handle=0xffff994f0db8 generation=1 bytes=6514 object=<main>
G7C_IMAGE_EXTRACT handle=0xffff994f0db8 generation=1 offset=51 bytes=2904 result=PASS
G6A_VA_ARENA base=0xffef99320000 bytes=68719476736 protection=PROT_NONE
G6E_REMOTE_SESSION=CONNECTED host=127.0.0.1 port=50051 protocol=CRX9 version=3 default_stream=LEGACY
G7C_MODULE_AUTO_LOAD handle=0xffff994f0db8 generation=1 module_handle=0xffff994f0190 module_id=1 bytes=2904 result=PASS
G7D_FUNCTION_BIND handle=0xffff994f0db8 generation=1 module_id=1 host_fun=0xaaaabe070e54 kernel_handle=0xffff994f41b8 kernel_id=1 name=g8d_external_kernel abi=UNKNOWN result=PASS
G7E_ABI_ARG kernel_id=1 name=g8d_external_kernel arg=0 meta_kind=global_buffer offset=0 size=8 normalized=DEVICE_PTR
G7E_ABI_ARG kernel_id=1 name=g8d_external_kernel arg=1 meta_kind=global_buffer offset=8 size=8 normalized=DEVICE_PTR
G7E_ABI_ARG kernel_id=1 name=g8d_external_kernel arg=2 meta_kind=by_value offset=16 size=4 normalized=BY_VALUE
G7E_ABI_ATTACH generation=1 module_id=1 kernel_id=1 name=g8d_external_kernel argc=3 kernarg_size=20 kernarg_align=8 abi=READY result=PASS
G7C_REGISTER_FATBINARY_END handle=0xffff994f0db8 generation=1 state=LIVE module_id=1 function_registrations=1
G8C_DEVICE_PROPERTIES device=0 name=Iluvatar MR-V100 total=34359738368 cc=7.1 sm=16 warp=64 result=PASS
G8D_DEVICE name=Iluvatar MR-V100 total=34359738368 cc=7.1 warp=64
G8C_MEM_INFO free=34145828864 total=34359738368 result=PASS
G6A_CUDA_MALLOC ptr=0xffef99320000 allocation_id=1 bytes=1024 span=131072 result=PASS
G6A_CUDA_MALLOC ptr=0xffef99340000 allocation_id=2 bytes=1024 span=131072 result=PASS
G6A_PTR_RESOLVE ptr=0xffef99320000 allocation_id=1 offset=0 bytes=1024
G6A_CUDA_MEMCPY kind=H2D allocation_id=1 offset=0 bytes=1024 result=PASS
G8A_PUSH_CONFIG depth=1 grid=(1,1,1) block=(256,1,1) shared=0 stream=(nil) result=PASS
G8A_POP_CONFIG depth=0 grid=(1,1,1) block=(256,1,1) shared=0 stream=(nil) result=PASS
G6A_PTR_RESOLVE ptr=0xffef99340000 allocation_id=2 offset=0 bytes=1
G6D_LAUNCH_ARG arg=0 kind=REMOTE_PTR allocation_id=2 offset=0
G6A_PTR_RESOLVE ptr=0xffef99320000 allocation_id=1 offset=0 bytes=1
G6D_LAUNCH_ARG arg=1 kind=REMOTE_PTR allocation_id=1 offset=0
G6D_LAUNCH_ARG arg=2 kind=RAW_VALUE bytes=4
G6E_CUDA_LAUNCH_KERNEL token=0xaaaabe070e54 kernel_id=1 stream_id=0 grid=(1,1,1) block=(256,1,1) shared=0 argc=3 submit=PASS
G6E_CUDA_DEVICE_SYNCHRONIZE hidden_transfers=0 result=PASS
G6A_PTR_RESOLVE ptr=0xffef99340000 allocation_id=2 offset=0 bytes=1024
G6A_CUDA_MEMCPY kind=D2H allocation_id=2 offset=0 bytes=1024 result=PASS
G8D_NUMERICAL failures=0
G6A_CUDA_FREE ptr=0xffef99340000 allocation_id=2 result=PASS tombstone=YES
G6A_CUDA_FREE ptr=0xffef99320000 allocation_id=1 result=PASS tombstone=YES
G8D_CLEAN_CONSUMER_RESULT=PASS
G7C_UNREGISTER_FATBINARY handle=0xffff994f0db8 generation=1 module_id=1 state=LIVE
G6D_KERNEL_TOKEN_INVALIDATE token=0xffff994f41b8 host_fun=0xaaaabe070e54 kernel_id=1 module_id=1 name=g8d_external_kernel origin=COMPILER
G6D_MODULE_UNLOAD handle=0xffff994f0190 module_id=1 result=PASS tombstone=YES
G7C_MODULE_AUTO_UNLOAD handle=0xffff994f0db8 generation=1 module_id=1 result=PASS
G7C_REGISTRATION_TOMBSTONE handle=0xffff994f0db8 generation=1 state=DEAD
